// Vitest Snapshot v1, https://vitest.dev/guide/snapshot.html

exports[`the ParticipantList component > should correctly render Participant components 1`] = `
<div>
  <aside
    class="ParticipantList-container ParticipantList-transparentBackground css-1yq3ij5"
  >
    <div
      class="ParticipantList-scrollContainer"
    >
      <div
        class="ParticipantList-innerScrollContainer"
      >
        <div
          class="ParticipantInfo-container ParticipantInfo-cursorPointer css-12aqrgm"
          data-cy-participant="Student-View"
          data-hidden="false"
          data-selected="false"
          data-testid="participant-Student-View"
        >
          <div
            class="ParticipantInfo-infoContainer"
          >
            <div
              class="NetworkQualityLevel-outerContainer css-121vjg"
            >
              <div
                class="NetworkQualityLevel-innerContainer"
              >
                <div
                  style="height: 3px; background: rgba(255, 255, 255, 0.2);"
                />
                <div
                  style="height: 6px; background: rgba(255, 255, 255, 0.2);"
                />
                <div
                  style="height: 9px; background: rgba(255, 255, 255, 0.2);"
                />
                <div
                  style="height: 12px; background: rgba(255, 255, 255, 0.2);"
                />
                <div
                  style="height: 15px; background: rgba(255, 255, 255, 0.2);"
                />
              </div>
            </div>
            <div
              class="ParticipantInfo-infoRowBottom"
            >
              <span
                class="ParticipantInfo-identity"
              >
                <svg
                  data-testid="audio-mute-icon"
                  height="24"
                  transform="translate(-0.5, 0)"
                  viewBox="0 0 24 24"
                  width="24"
                  xmlns="http://www.w3.org/2000/svg"
                >
                  <g
                    fill="none"
                    fill-rule="evenodd"
                  >
                    <path
                      d="M11.889 6.667c.276 0 .5.224.5.5 0 3.114-2.396 5.67-5.445 5.923v2.632c0 .276-.223.5-.5.5-.245 0-.45-.177-.491-.41l-.009-.09V13.09c-1.116-.093-2.145-.494-3-1.119l.717-.717c.793.54 1.751.857 2.783.857 2.731 0 4.945-2.214 4.945-4.944 0-.276.224-.5.5-.5zM1 6.667c.276 0 .5.224.5.5 0 .975.282 1.884.77 2.65l-.722.721C.888 9.58.5 8.418.5 7.167c0-.276.224-.5.5-.5zm8.277-1.031v1.53C9.278 8.732 8.01 10 6.445 10c-.446 0-.868-.103-1.243-.287l.776-.773c.149.039.306.06.467.06.963 0 1.751-.74 1.828-1.683l.006-.15v-.531l1-1zM6.444 0C8.01 0 9.278 1.268 9.278 2.833l-.002-.025-.999.999v-.974c0-.962-.74-1.75-1.682-1.827L6.445 1c-.962 0-1.751.74-1.828 1.683l-.006.15v4.334c0 .097.008.192.022.285l-.804.805c-.112-.269-.184-.558-.209-.86l-.009-.23V2.833C3.611 1.268 4.88 0 6.444 0z"
                      fill="white"
                      stroke-width="0"
                      transform="translate(6.5 4)"
                    />
                    <path
                      d="M12.146.646c.196-.195.512-.195.708 0 .173.174.192.443.057.638l-.057.07-12 12c-.196.195-.512.195-.708 0-.173-.174-.192-.443-.057-.638l.057-.07 12-12z"
                      fill="red"
                      stroke-width="0"
                      transform="translate(6.5 4)"
                    />
                  </g>
                </svg>
                <span
                  class="MuiTypography-root MuiTypography-body1 ParticipantInfo-typography css-rizt0-MuiTypography-root"
                >
                  Student-View
                </span>
              </span>
            </div>
            <div />
          </div>
          <div
            class="ParticipantInfo-innerContainer"
          >
            <div
              class="ParticipantInfo-avatarContainer"
              data-testid="avatar-icon"
            >
              <svg
                height="73"
                viewBox="0 0 73 73"
                width="73"
                xmlns="http://www.w3.org/2000/svg"
              >
                <g
                  fill="none"
                  fill-rule="evenodd"
                >
                  <circle
                    cx="36.5"
                    cy="36.5"
                    fill="#FFF"
                    r="36.5"
                  />
                  <path
                    d="M30.973 23.925c-3.162 3.794-3.162 9.886 0 13.68l.262.301c.266.293.548.564.842.812l.192.154v2.95l-6.71 2.397-.213.082c-2.03.834-3.346 2.793-3.346 4.97v2.766c0 .532.431.963.963.963h27.874c.531 0 .962-.431.962-.963V49.27l-.005-.228-.015-.233c-.187-2.092-1.562-3.883-3.539-4.59l-6.71-2.397v-2.95l.192-.154c.393-.33.762-.702 1.104-1.112 3.162-3.795 3.162-9.887 0-13.681-3.25-3.9-8.603-3.9-11.853 0zm10.374 1.232c2.567 3.08 2.567 8.135 0 11.216-.404.484-.85.894-1.328 1.226-.26.18-.414.476-.414.791v4.111c0 .407.255.77.639.907l7.348 2.625c1.314.47 2.213 1.687 2.278 3.077l.004.183v1.781h-25.95l.002-1.804c0-1.394.843-2.65 2.131-3.18l.172-.065 7.327-2.617c.383-.137.639-.5.639-.907v-4.11c0-.316-.155-.612-.415-.792-.478-.332-.924-.742-1.328-1.226-2.567-3.08-2.567-8.135 0-11.216 2.427-2.912 6.248-2.974 8.735-.186l.16.186z"
                    fill="#282A2B"
                    stroke-linejoin="round"
                  />
                </g>
              </svg>
            </div>
          </div>
        </div>
        <div
          class="ParticipantInfo-container ParticipantInfo-cursorPointer css-12aqrgm"
          data-cy-participant="Board-View"
          data-hidden="false"
          data-selected="false"
          data-testid="participant-Board-View"
        >
          <div
            class="ParticipantInfo-infoContainer"
          >
            <div
              class="NetworkQualityLevel-outerContainer css-121vjg"
            >
              <div
                class="NetworkQualityLevel-innerContainer"
              >
                <div
                  style="height: 3px; background: rgba(255, 255, 255, 0.2);"
                />
                <div
                  style="height: 6px; background: rgba(255, 255, 255, 0.2);"
                />
                <div
                  style="height: 9px; background: rgba(255, 255, 255, 0.2);"
                />
                <div
                  style="height: 12px; background: rgba(255, 255, 255, 0.2);"
                />
                <div
                  style="height: 15px; background: rgba(255, 255, 255, 0.2);"
                />
              </div>
            </div>
            <div
              class="ParticipantInfo-infoRowBottom"
            >
              <span
                class="ParticipantInfo-identity"
              >
                <svg
                  data-testid="audio-mute-icon"
                  height="24"
                  transform="translate(-0.5, 0)"
                  viewBox="0 0 24 24"
                  width="24"
                  xmlns="http://www.w3.org/2000/svg"
                >
                  <g
                    fill="none"
                    fill-rule="evenodd"
                  >
                    <path
                      d="M11.889 6.667c.276 0 .5.224.5.5 0 3.114-2.396 5.67-5.445 5.923v2.632c0 .276-.223.5-.5.5-.245 0-.45-.177-.491-.41l-.009-.09V13.09c-1.116-.093-2.145-.494-3-1.119l.717-.717c.793.54 1.751.857 2.783.857 2.731 0 4.945-2.214 4.945-4.944 0-.276.224-.5.5-.5zM1 6.667c.276 0 .5.224.5.5 0 .975.282 1.884.77 2.65l-.722.721C.888 9.58.5 8.418.5 7.167c0-.276.224-.5.5-.5zm8.277-1.031v1.53C9.278 8.732 8.01 10 6.445 10c-.446 0-.868-.103-1.243-.287l.776-.773c.149.039.306.06.467.06.963 0 1.751-.74 1.828-1.683l.006-.15v-.531l1-1zM6.444 0C8.01 0 9.278 1.268 9.278 2.833l-.002-.025-.999.999v-.974c0-.962-.74-1.75-1.682-1.827L6.445 1c-.962 0-1.751.74-1.828 1.683l-.006.15v4.334c0 .097.008.192.022.285l-.804.805c-.112-.269-.184-.558-.209-.86l-.009-.23V2.833C3.611 1.268 4.88 0 6.444 0z"
                      fill="white"
                      stroke-width="0"
                      transform="translate(6.5 4)"
                    />
                    <path
                      d="M12.146.646c.196-.195.512-.195.708 0 .173.174.192.443.057.638l-.057.07-12 12c-.196.195-.512.195-.708 0-.173-.174-.192-.443-.057-.638l.057-.07 12-12z"
                      fill="red"
                      stroke-width="0"
                      transform="translate(6.5 4)"
                    />
                  </g>
                </svg>
                <span
                  class="MuiTypography-root MuiTypography-body1 ParticipantInfo-typography css-rizt0-MuiTypography-root"
                >
                  Board-View
                </span>
              </span>
            </div>
            <div />
          </div>
          <div
            class="ParticipantInfo-innerContainer"
          >
            <div
              class="ParticipantInfo-avatarContainer"
              data-testid="avatar-icon"
            >
              <svg
                height="73"
                viewBox="0 0 73 73"
                width="73"
                xmlns="http://www.w3.org/2000/svg"
              >
                <g
                  fill="none"
                  fill-rule="evenodd"
                >
                  <circle
                    cx="36.5"
                    cy="36.5"
                    fill="#FFF"
                    r="36.5"
                  />
                  <path
                    d="M30.973 23.925c-3.162 3.794-3.162 9.886 0 13.68l.262.301c.266.293.548.564.842.812l.192.154v2.95l-6.71 2.397-.213.082c-2.03.834-3.346 2.793-3.346 4.97v2.766c0 .532.431.963.963.963h27.874c.531 0 .962-.431.962-.963V49.27l-.005-.228-.015-.233c-.187-2.092-1.562-3.883-3.539-4.59l-6.71-2.397v-2.95l.192-.154c.393-.33.762-.702 1.104-1.112 3.162-3.795 3.162-9.887 0-13.681-3.25-3.9-8.603-3.9-11.853 0zm10.374 1.232c2.567 3.08 2.567 8.135 0 11.216-.404.484-.85.894-1.328 1.226-.26.18-.414.476-.414.791v4.111c0 .407.255.77.639.907l7.348 2.625c1.314.47 2.213 1.687 2.278 3.077l.004.183v1.781h-25.95l.002-1.804c0-1.394.843-2.65 2.131-3.18l.172-.065 7.327-2.617c.383-.137.639-.5.639-.907v-4.11c0-.316-.155-.612-.415-.792-.478-.332-.924-.742-1.328-1.226-2.567-3.08-2.567-8.135 0-11.216 2.427-2.912 6.248-2.974 8.735-.186l.16.186z"
                    fill="#282A2B"
                    stroke-linejoin="round"
                  />
                </g>
              </svg>
            </div>
          </div>
        </div>
        <div
          class="ParticipantInfo-container ParticipantInfo-cursorPointer css-12aqrgm"
          data-cy-participant="Student-View"
          data-hidden="false"
          data-selected="true"
          data-testid="participant-Student-View"
        >
          <div
            class="ParticipantInfo-infoContainer"
          >
            <div
              class="NetworkQualityLevel-outerContainer css-121vjg"
            >
              <div
                class="NetworkQualityLevel-innerContainer"
              >
                <div
                  style="height: 3px; background: rgba(255, 255, 255, 0.2);"
                />
                <div
                  style="height: 6px; background: rgba(255, 255, 255, 0.2);"
                />
                <div
                  style="height: 9px; background: rgba(255, 255, 255, 0.2);"
                />
                <div
                  style="height: 12px; background: rgba(255, 255, 255, 0.2);"
                />
                <div
                  style="height: 15px; background: rgba(255, 255, 255, 0.2);"
                />
              </div>
            </div>
            <div
              class="ParticipantInfo-infoRowBottom"
            >
              <span
                class="ParticipantInfo-identity"
              >
                <svg
                  data-testid="audio-mute-icon"
                  height="24"
                  transform="translate(-0.5, 0)"
                  viewBox="0 0 24 24"
                  width="24"
                  xmlns="http://www.w3.org/2000/svg"
                >
                  <g
                    fill="none"
                    fill-rule="evenodd"
                  >
                    <path
                      d="M11.889 6.667c.276 0 .5.224.5.5 0 3.114-2.396 5.67-5.445 5.923v2.632c0 .276-.223.5-.5.5-.245 0-.45-.177-.491-.41l-.009-.09V13.09c-1.116-.093-2.145-.494-3-1.119l.717-.717c.793.54 1.751.857 2.783.857 2.731 0 4.945-2.214 4.945-4.944 0-.276.224-.5.5-.5zM1 6.667c.276 0 .5.224.5.5 0 .975.282 1.884.77 2.65l-.722.721C.888 9.58.5 8.418.5 7.167c0-.276.224-.5.5-.5zm8.277-1.031v1.53C9.278 8.732 8.01 10 6.445 10c-.446 0-.868-.103-1.243-.287l.776-.773c.149.039.306.06.467.06.963 0 1.751-.74 1.828-1.683l.006-.15v-.531l1-1zM6.444 0C8.01 0 9.278 1.268 9.278 2.833l-.002-.025-.999.999v-.974c0-.962-.74-1.75-1.682-1.827L6.445 1c-.962 0-1.751.74-1.828 1.683l-.006.15v4.334c0 .097.008.192.022.285l-.804.805c-.112-.269-.184-.558-.209-.86l-.009-.23V2.833C3.611 1.268 4.88 0 6.444 0z"
                      fill="white"
                      stroke-width="0"
                      transform="translate(6.5 4)"
                    />
                    <path
                      d="M12.146.646c.196-.195.512-.195.708 0 .173.174.192.443.057.638l-.057.07-12 12c-.196.195-.512.195-.708 0-.173-.174-.192-.443-.057-.638l.057-.07 12-12z"
                      fill="red"
                      stroke-width="0"
                      transform="translate(6.5 4)"
                    />
                  </g>
                </svg>
                <span
                  class="MuiTypography-root MuiTypography-body1 ParticipantInfo-typography css-rizt0-MuiTypography-root"
                >
                  Student-View
                </span>
              </span>
            </div>
            <div>
              <svg
                aria-hidden="true"
                aria-label="Participant is pinned. Click to un-pin."
                class="MuiSvgIcon-root MuiSvgIcon-fontSizeMedium css-1umw9bq-MuiSvgIcon-root"
                data-mui-internal-clone-element="true"
                data-testid="pin-icon"
                focusable="false"
                height="26"
                style="float: right; background: rgba(0, 0, 0, 0.5); padding: 0.1em; box-sizing: content-box;"
                viewBox="0 0 26 26"
                width="26"
              >
                <path
                  d="M15.808 4.489c.208-.207.544-.207.75 0l4.953 4.952c.207.207.207.543 0 .75l-1.415 1.415c-.207.208-.543.208-.75 0l-.333-.333-3.007 3.007v2.611c0 .113-.035.222-.1.312l-.055.063-1.06 1.062c-.208.207-.544.207-.751 0l-2.809-2.81-5.992 5.993c-.207.207-.543.207-.75 0-.184-.184-.205-.47-.062-.677l.062-.073 5.991-5.993-2.808-2.808c-.184-.184-.204-.47-.061-.677l.061-.073 1.062-1.061c.1-.1.234-.156.375-.156h2.61l3.007-3.007-.332-.332c-.185-.184-.205-.47-.062-.677l.062-.073zm.376 1.125l-.666.664.333.333c.185.184.205.47.062.677l-.062.074-3.537 3.537c-.1.1-.234.155-.375.155h-2.61l-.531.531 2.803 2.803.005.006.005.005 2.804 2.803.53-.531v-2.61c0-.112.036-.221.102-.311l.054-.064 3.537-3.537c.208-.208.544-.208.75 0l.333.332.664-.666-4.201-4.201z"
                  fill="#FFF"
                  fill-rule="evenodd"
                  stroke-width="0"
                />
              </svg>
            </div>
          </div>
          <div
            class="ParticipantInfo-innerContainer"
          >
            <div
              class="ParticipantInfo-avatarContainer"
              data-testid="avatar-icon"
            >
              <svg
                height="73"
                viewBox="0 0 73 73"
                width="73"
                xmlns="http://www.w3.org/2000/svg"
              >
                <g
                  fill="none"
                  fill-rule="evenodd"
                >
                  <circle
                    cx="36.5"
                    cy="36.5"
                    fill="#FFF"
                    r="36.5"
                  />
                  <path
                    d="M30.973 23.925c-3.162 3.794-3.162 9.886 0 13.68l.262.301c.266.293.548.564.842.812l.192.154v2.95l-6.71 2.397-.213.082c-2.03.834-3.346 2.793-3.346 4.97v2.766c0 .532.431.963.963.963h27.874c.531 0 .962-.431.962-.963V49.27l-.005-.228-.015-.233c-.187-2.092-1.562-3.883-3.539-4.59l-6.71-2.397v-2.95l.192-.154c.393-.33.762-.702 1.104-1.112 3.162-3.795 3.162-9.887 0-13.681-3.25-3.9-8.603-3.9-11.853 0zm10.374 1.232c2.567 3.08 2.567 8.135 0 11.216-.404.484-.85.894-1.328 1.226-.26.18-.414.476-.414.791v4.111c0 .407.255.77.639.907l7.348 2.625c1.314.47 2.213 1.687 2.278 3.077l.004.183v1.781h-25.95l.002-1.804c0-1.394.843-2.65 2.131-3.18l.172-.065 7.327-2.617c.383-.137.639-.5.639-.907v-4.11c0-.316-.155-.612-.415-.792-.478-.332-.924-.742-1.328-1.226-2.567-3.08-2.567-8.135 0-11.216 2.427-2.912 6.248-2.974 8.735-.186l.16.186z"
                    fill="#282A2B"
                    stroke-linejoin="round"
                  />
                </g>
              </svg>
            </div>
          </div>
        </div>
      </div>
      <div
        class="ParticipantList-arrowContainer"
      >
        <svg
          aria-hidden="true"
          class="MuiSvgIcon-root MuiSvgIcon-fontSizeMedium css-1umw9bq-MuiSvgIcon-root"
          data-testid="ArrowDownwardIcon"
          focusable="false"
          style="cursor: pointer; color: white;"
          viewBox="0 0 24 24"
        >
          <path
            d="m20 12-1.41-1.41L13 16.17V4h-2v12.17l-5.58-5.59L4 12l8 8z"
          />
        </svg>
      </div>
    </div>
  </aside>
</div>
`;

exports[`the ParticipantList component should correctly render Participant components 1`] = `
<div>
  <aside
    class="ParticipantList-container ParticipantList-transparentBackground css-1yq3ij5"
  >
    <div
      class="ParticipantList-scrollContainer"
    >
      <div
        class="ParticipantList-innerScrollContainer"
      >
        <div
          class="ParticipantInfo-container ParticipantInfo-cursorPointer css-12aqrgm"
          data-cy-participant="Student-View"
          data-hidden="false"
          data-selected="false"
          data-testid="participant-Student-View"
        >
          <div
            class="ParticipantInfo-infoContainer"
          >
            <div
              class="NetworkQualityLevel-outerContainer css-121vjg"
            >
              <div
                class="NetworkQualityLevel-innerContainer"
              >
                <div
                  style="height: 3px; background: rgba(255, 255, 255, 0.2);"
                />
                <div
                  style="height: 6px; background: rgba(255, 255, 255, 0.2);"
                />
                <div
                  style="height: 9px; background: rgba(255, 255, 255, 0.2);"
                />
                <div
                  style="height: 12px; background: rgba(255, 255, 255, 0.2);"
                />
                <div
                  style="height: 15px; background: rgba(255, 255, 255, 0.2);"
                />
              </div>
            </div>
            <div
              class="ParticipantInfo-infoRowBottom"
            >
              <span
                class="ParticipantInfo-identity"
              >
                <svg
                  data-testid="audio-mute-icon"
                  height="24"
                  transform="translate(-0.5, 0)"
                  viewBox="0 0 24 24"
                  width="24"
                  xmlns="http://www.w3.org/2000/svg"
                >
                  <g
                    fill="none"
                    fill-rule="evenodd"
                  >
                    <path
                      d="M11.889 6.667c.276 0 .5.224.5.5 0 3.114-2.396 5.67-5.445 5.923v2.632c0 .276-.223.5-.5.5-.245 0-.45-.177-.491-.41l-.009-.09V13.09c-1.116-.093-2.145-.494-3-1.119l.717-.717c.793.54 1.751.857 2.783.857 2.731 0 4.945-2.214 4.945-4.944 0-.276.224-.5.5-.5zM1 6.667c.276 0 .5.224.5.5 0 .975.282 1.884.77 2.65l-.722.721C.888 9.58.5 8.418.5 7.167c0-.276.224-.5.5-.5zm8.277-1.031v1.53C9.278 8.732 8.01 10 6.445 10c-.446 0-.868-.103-1.243-.287l.776-.773c.149.039.306.06.467.06.963 0 1.751-.74 1.828-1.683l.006-.15v-.531l1-1zM6.444 0C8.01 0 9.278 1.268 9.278 2.833l-.002-.025-.999.999v-.974c0-.962-.74-1.75-1.682-1.827L6.445 1c-.962 0-1.751.74-1.828 1.683l-.006.15v4.334c0 .097.008.192.022.285l-.804.805c-.112-.269-.184-.558-.209-.86l-.009-.23V2.833C3.611 1.268 4.88 0 6.444 0z"
                      fill="white"
                      stroke-width="0"
                      transform="translate(6.5 4)"
                    />
                    <path
                      d="M12.146.646c.196-.195.512-.195.708 0 .173.174.192.443.057.638l-.057.07-12 12c-.196.195-.512.195-.708 0-.173-.174-.192-.443-.057-.638l.057-.07 12-12z"
                      fill="red"
                      stroke-width="0"
                      transform="translate(6.5 4)"
                    />
                  </g>
                </svg>
                <span
                  class="MuiTypography-root MuiTypography-body1 ParticipantInfo-typography css-rizt0-MuiTypography-root"
                >
                  Student-View
                </span>
              </span>
            </div>
            <div />
          </div>
          <div
            class="ParticipantInfo-innerContainer"
          >
            <div
              class="ParticipantInfo-avatarContainer"
              data-testid="avatar-icon"
            >
              <svg
                height="73"
                viewBox="0 0 73 73"
                width="73"
                xmlns="http://www.w3.org/2000/svg"
              >
                <g
                  fill="none"
                  fill-rule="evenodd"
                >
                  <circle
                    cx="36.5"
                    cy="36.5"
                    fill="#FFF"
                    r="36.5"
                  />
                  <path
                    d="M30.973 23.925c-3.162 3.794-3.162 9.886 0 13.68l.262.301c.266.293.548.564.842.812l.192.154v2.95l-6.71 2.397-.213.082c-2.03.834-3.346 2.793-3.346 4.97v2.766c0 .532.431.963.963.963h27.874c.531 0 .962-.431.962-.963V49.27l-.005-.228-.015-.233c-.187-2.092-1.562-3.883-3.539-4.59l-6.71-2.397v-2.95l.192-.154c.393-.33.762-.702 1.104-1.112 3.162-3.795 3.162-9.887 0-13.681-3.25-3.9-8.603-3.9-11.853 0zm10.374 1.232c2.567 3.08 2.567 8.135 0 11.216-.404.484-.85.894-1.328 1.226-.26.18-.414.476-.414.791v4.111c0 .407.255.77.639.907l7.348 2.625c1.314.47 2.213 1.687 2.278 3.077l.004.183v1.781h-25.95l.002-1.804c0-1.394.843-2.65 2.131-3.18l.172-.065 7.327-2.617c.383-.137.639-.5.639-.907v-4.11c0-.316-.155-.612-.415-.792-.478-.332-.924-.742-1.328-1.226-2.567-3.08-2.567-8.135 0-11.216 2.427-2.912 6.248-2.974 8.735-.186l.16.186z"
                    fill="#282A2B"
                    stroke-linejoin="round"
                  />
                </g>
              </svg>
            </div>
          </div>
        </div>
        <div
          class="ParticipantInfo-container ParticipantInfo-cursorPointer css-12aqrgm"
          data-cy-participant="Board-View"
          data-hidden="false"
          data-selected="false"
          data-testid="participant-Board-View"
        >
          <div
            class="ParticipantInfo-infoContainer"
          >
            <div
              class="NetworkQualityLevel-outerContainer css-121vjg"
            >
              <div
                class="NetworkQualityLevel-innerContainer"
              >
                <div
                  style="height: 3px; background: rgba(255, 255, 255, 0.2);"
                />
                <div
                  style="height: 6px; background: rgba(255, 255, 255, 0.2);"
                />
                <div
                  style="height: 9px; background: rgba(255, 255, 255, 0.2);"
                />
                <div
                  style="height: 12px; background: rgba(255, 255, 255, 0.2);"
                />
                <div
                  style="height: 15px; background: rgba(255, 255, 255, 0.2);"
                />
              </div>
            </div>
            <div
              class="ParticipantInfo-infoRowBottom"
            >
              <span
                class="ParticipantInfo-identity"
              >
                <svg
                  data-testid="audio-mute-icon"
                  height="24"
                  transform="translate(-0.5, 0)"
                  viewBox="0 0 24 24"
                  width="24"
                  xmlns="http://www.w3.org/2000/svg"
                >
                  <g
                    fill="none"
                    fill-rule="evenodd"
                  >
                    <path
                      d="M11.889 6.667c.276 0 .5.224.5.5 0 3.114-2.396 5.67-5.445 5.923v2.632c0 .276-.223.5-.5.5-.245 0-.45-.177-.491-.41l-.009-.09V13.09c-1.116-.093-2.145-.494-3-1.119l.717-.717c.793.54 1.751.857 2.783.857 2.731 0 4.945-2.214 4.945-4.944 0-.276.224-.5.5-.5zM1 6.667c.276 0 .5.224.5.5 0 .975.282 1.884.77 2.65l-.722.721C.888 9.58.5 8.418.5 7.167c0-.276.224-.5.5-.5zm8.277-1.031v1.53C9.278 8.732 8.01 10 6.445 10c-.446 0-.868-.103-1.243-.287l.776-.773c.149.039.306.06.467.06.963 0 1.751-.74 1.828-1.683l.006-.15v-.531l1-1zM6.444 0C8.01 0 9.278 1.268 9.278 2.833l-.002-.025-.999.999v-.974c0-.962-.74-1.75-1.682-1.827L6.445 1c-.962 0-1.751.74-1.828 1.683l-.006.15v4.334c0 .097.008.192.022.285l-.804.805c-.112-.269-.184-.558-.209-.86l-.009-.23V2.833C3.611 1.268 4.88 0 6.444 0z"
                      fill="white"
                      stroke-width="0"
                      transform="translate(6.5 4)"
                    />
                    <path
                      d="M12.146.646c.196-.195.512-.195.708 0 .173.174.192.443.057.638l-.057.07-12 12c-.196.195-.512.195-.708 0-.173-.174-.192-.443-.057-.638l.057-.07 12-12z"
                      fill="red"
                      stroke-width="0"
                      transform="translate(6.5 4)"
                    />
                  </g>
                </svg>
                <span
                  class="MuiTypography-root MuiTypography-body1 ParticipantInfo-typography css-rizt0-MuiTypography-root"
                >
                  Board-View
                </span>
              </span>
            </div>
            <div />
          </div>
          <div
            class="ParticipantInfo-innerContainer"
          >
            <div
              class="ParticipantInfo-avatarContainer"
              data-testid="avatar-icon"
            >
              <svg
                height="73"
                viewBox="0 0 73 73"
                width="73"
                xmlns="http://www.w3.org/2000/svg"
              >
                <g
                  fill="none"
                  fill-rule="evenodd"
                >
                  <circle
                    cx="36.5"
                    cy="36.5"
                    fill="#FFF"
                    r="36.5"
                  />
                  <path
                    d="M30.973 23.925c-3.162 3.794-3.162 9.886 0 13.68l.262.301c.266.293.548.564.842.812l.192.154v2.95l-6.71 2.397-.213.082c-2.03.834-3.346 2.793-3.346 4.97v2.766c0 .532.431.963.963.963h27.874c.531 0 .962-.431.962-.963V49.27l-.005-.228-.015-.233c-.187-2.092-1.562-3.883-3.539-4.59l-6.71-2.397v-2.95l.192-.154c.393-.33.762-.702 1.104-1.112 3.162-3.795 3.162-9.887 0-13.681-3.25-3.9-8.603-3.9-11.853 0zm10.374 1.232c2.567 3.08 2.567 8.135 0 11.216-.404.484-.85.894-1.328 1.226-.26.18-.414.476-.414.791v4.111c0 .407.255.77.639.907l7.348 2.625c1.314.47 2.213 1.687 2.278 3.077l.004.183v1.781h-25.95l.002-1.804c0-1.394.843-2.65 2.131-3.18l.172-.065 7.327-2.617c.383-.137.639-.5.639-.907v-4.11c0-.316-.155-.612-.415-.792-.478-.332-.924-.742-1.328-1.226-2.567-3.08-2.567-8.135 0-11.216 2.427-2.912 6.248-2.974 8.735-.186l.16.186z"
                    fill="#282A2B"
                    stroke-linejoin="round"
                  />
                </g>
              </svg>
            </div>
          </div>
        </div>
        <div
          class="ParticipantInfo-container ParticipantInfo-cursorPointer css-12aqrgm"
          data-cy-participant="Student-View"
          data-hidden="false"
          data-selected="true"
          data-testid="participant-Student-View"
        >
          <div
            class="ParticipantInfo-infoContainer"
          >
            <div
              class="NetworkQualityLevel-outerContainer css-121vjg"
            >
              <div
                class="NetworkQualityLevel-innerContainer"
              >
                <div
                  style="height: 3px; background: rgba(255, 255, 255, 0.2);"
                />
                <div
                  style="height: 6px; background: rgba(255, 255, 255, 0.2);"
                />
                <div
                  style="height: 9px; background: rgba(255, 255, 255, 0.2);"
                />
                <div
                  style="height: 12px; background: rgba(255, 255, 255, 0.2);"
                />
                <div
                  style="height: 15px; background: rgba(255, 255, 255, 0.2);"
                />
              </div>
            </div>
            <div
              class="ParticipantInfo-infoRowBottom"
            >
              <span
                class="ParticipantInfo-identity"
              >
                <svg
                  data-testid="audio-mute-icon"
                  height="24"
                  transform="translate(-0.5, 0)"
                  viewBox="0 0 24 24"
                  width="24"
                  xmlns="http://www.w3.org/2000/svg"
                >
                  <g
                    fill="none"
                    fill-rule="evenodd"
                  >
                    <path
                      d="M11.889 6.667c.276 0 .5.224.5.5 0 3.114-2.396 5.67-5.445 5.923v2.632c0 .276-.223.5-.5.5-.245 0-.45-.177-.491-.41l-.009-.09V13.09c-1.116-.093-2.145-.494-3-1.119l.717-.717c.793.54 1.751.857 2.783.857 2.731 0 4.945-2.214 4.945-4.944 0-.276.224-.5.5-.5zM1 6.667c.276 0 .5.224.5.5 0 .975.282 1.884.77 2.65l-.722.721C.888 9.58.5 8.418.5 7.167c0-.276.224-.5.5-.5zm8.277-1.031v1.53C9.278 8.732 8.01 10 6.445 10c-.446 0-.868-.103-1.243-.287l.776-.773c.149.039.306.06.467.06.963 0 1.751-.74 1.828-1.683l.006-.15v-.531l1-1zM6.444 0C8.01 0 9.278 1.268 9.278 2.833l-.002-.025-.999.999v-.974c0-.962-.74-1.75-1.682-1.827L6.445 1c-.962 0-1.751.74-1.828 1.683l-.006.15v4.334c0 .097.008.192.022.285l-.804.805c-.112-.269-.184-.558-.209-.86l-.009-.23V2.833C3.611 1.268 4.88 0 6.444 0z"
                      fill="white"
                      stroke-width="0"
                      transform="translate(6.5 4)"
                    />
                    <path
                      d="M12.146.646c.196-.195.512-.195.708 0 .173.174.192.443.057.638l-.057.07-12 12c-.196.195-.512.195-.708 0-.173-.174-.192-.443-.057-.638l.057-.07 12-12z"
                      fill="red"
                      stroke-width="0"
                      transform="translate(6.5 4)"
                    />
                  </g>
                </svg>
                <span
                  class="MuiTypography-root MuiTypography-body1 ParticipantInfo-typography css-rizt0-MuiTypography-root"
                >
                  Student-View
                </span>
              </span>
            </div>
            <div>
              <svg
                aria-hidden="true"
                aria-label="Participant is pinned. Click to un-pin."
                class="MuiSvgIcon-root MuiSvgIcon-fontSizeMedium css-1umw9bq-MuiSvgIcon-root"
                data-mui-internal-clone-element="true"
                data-testid="pin-icon"
                focusable="false"
                height="26"
                style="float: right; background: rgba(0, 0, 0, 0.5); padding: 0.1em; box-sizing: content-box;"
                viewBox="0 0 26 26"
                width="26"
              >
                <path
                  d="M15.808 4.489c.208-.207.544-.207.75 0l4.953 4.952c.207.207.207.543 0 .75l-1.415 1.415c-.207.208-.543.208-.75 0l-.333-.333-3.007 3.007v2.611c0 .113-.035.222-.1.312l-.055.063-1.06 1.062c-.208.207-.544.207-.751 0l-2.809-2.81-5.992 5.993c-.207.207-.543.207-.75 0-.184-.184-.205-.47-.062-.677l.062-.073 5.991-5.993-2.808-2.808c-.184-.184-.204-.47-.061-.677l.061-.073 1.062-1.061c.1-.1.234-.156.375-.156h2.61l3.007-3.007-.332-.332c-.185-.184-.205-.47-.062-.677l.062-.073zm.376 1.125l-.666.664.333.333c.185.184.205.47.062.677l-.062.074-3.537 3.537c-.1.1-.234.155-.375.155h-2.61l-.531.531 2.803 2.803.005.006.005.005 2.804 2.803.53-.531v-2.61c0-.112.036-.221.102-.311l.054-.064 3.537-3.537c.208-.208.544-.208.75 0l.333.332.664-.666-4.201-4.201z"
                  fill="#FFF"
                  fill-rule="evenodd"
                  stroke-width="0"
                />
              </svg>
            </div>
          </div>
          <div
            class="ParticipantInfo-innerContainer"
          >
            <div
              class="ParticipantInfo-avatarContainer"
              data-testid="avatar-icon"
            >
              <svg
                height="73"
                viewBox="0 0 73 73"
                width="73"
                xmlns="http://www.w3.org/2000/svg"
              >
                <g
                  fill="none"
                  fill-rule="evenodd"
                >
                  <circle
                    cx="36.5"
                    cy="36.5"
                    fill="#FFF"
                    r="36.5"
                  />
                  <path
                    d="M30.973 23.925c-3.162 3.794-3.162 9.886 0 13.68l.262.301c.266.293.548.564.842.812l.192.154v2.95l-6.71 2.397-.213.082c-2.03.834-3.346 2.793-3.346 4.97v2.766c0 .532.431.963.963.963h27.874c.531 0 .962-.431.962-.963V49.27l-.005-.228-.015-.233c-.187-2.092-1.562-3.883-3.539-4.59l-6.71-2.397v-2.95l.192-.154c.393-.33.762-.702 1.104-1.112 3.162-3.795 3.162-9.887 0-13.681-3.25-3.9-8.603-3.9-11.853 0zm10.374 1.232c2.567 3.08 2.567 8.135 0 11.216-.404.484-.85.894-1.328 1.226-.26.18-.414.476-.414.791v4.111c0 .407.255.77.639.907l7.348 2.625c1.314.47 2.213 1.687 2.278 3.077l.004.183v1.781h-25.95l.002-1.804c0-1.394.843-2.65 2.131-3.18l.172-.065 7.327-2.617c.383-.137.639-.5.639-.907v-4.11c0-.316-.155-.612-.415-.792-.478-.332-.924-.742-1.328-1.226-2.567-3.08-2.567-8.135 0-11.216 2.427-2.912 6.248-2.974 8.735-.186l.16.186z"
                    fill="#282A2B"
                    stroke-linejoin="round"
                  />
                </g>
              </svg>
            </div>
          </div>
        </div>
      </div>
      <div
        class="ParticipantList-arrowContainer"
      >
        <svg
          aria-hidden="true"
          class="MuiSvgIcon-root MuiSvgIcon-fontSizeMedium css-1umw9bq-MuiSvgIcon-root"
          data-testid="ArrowDownwardIcon"
          focusable="false"
          style="cursor: pointer; color: white;"
          viewBox="0 0 24 24"
        >
          <path
            d="m20 12-1.41-1.41L13 16.17V4h-2v12.17l-5.58-5.59L4 12l8 8z"
          />
        </svg>
      </div>
    </div>
  </aside>
</div>
`;
